
> cossim-next-frontend@0.1.0 dev
> next dev

   ▲ Next.js 15.5.21
   - Local:        http://localhost:3000
   - Network:      http://192.168.1.153:3000
   - Experiments (use with caution):
     · webVitalsAttribution

 ✓ Starting...
 ✓ Ready in 3.6s
 ○ Compiling / ...
 ✓ Compiled / in 7.6s (910 modules)
 GET / 200 in 1016ms
node.exe : <w> [webpack.cache.PackFileCacheStrategy] Skipped not serializable cache item 'Compilation/modules|C:\Users\
admin\Desktop\Cossim\cossim_web_training\node_modules\next\dist\build\webpack\loaders\css-loader\src\index.js??ruleSet[
1].rules[14].oneOf[11].use[2]!C:\Users\admin\Desktop\Cossim\cossim_web_training\node_modules\next\dist\build\webpack\lo
aders\postcss-loader\src\index.js??ruleSet[1].rules[14].oneOf[11].use[3]!C:\Users\admin\Desktop\Cossim\cossim_web_train
ing\node_modules\next\dist\build\webpack\loaders\resolve-url-loader\index.js??ruleSet[1].rules[14].oneOf[11].use[4]!C:\
Users\admin\Desktop\Cossim\cossim_web_training\node_modules\next\dist\compiled\sass-loader\cjs.js??ruleSet[1].rules[14]
.oneOf[11].use[5]!C:\Users\admin\Desktop\Cossim\cossim_web_training\src\style\scss\main.scss': No serializer 
registered for Warning
At line:1 char:1
+ & "C:\Program Files\nodejs/node.exe" "C:\Program Files\nodejs/node_mo ...
+ ~~~~~~~~~~~~~~~~~~~~~~~~~~~~~~~~~~~~~~~~~~~~~~~~~~~~~~~~~~~~~~~~~~~~~
    + CategoryInfo          : NotSpecified: (<w> [webpack.ca...red for Warning:String) [], RemoteException
    + FullyQualifiedErrorId : NativeCommandError
 
<w> while serializing webpack/lib/cache/PackFileCacheStrategy.PackContentItems -> webpack/lib/NormalModule -> Array { 
2 items } -> webpack/lib/ModuleWarning -> Warning
 ○ Compiling /admin/dashboard ...
 ✓ Compiled /admin/dashboard in 12s (6076 modules)
 GET /admin/dashboard 200 in 14265ms
 ○ Compiling /admin/packages ...
 ✓ Compiled /admin/packages in 1641ms (6081 modules)
 GET /admin/packages 200 in 3328ms
 ○ Compiling /admin/settings ...
 ✓ Compiled /admin/settings in 2.3s (6134 modules)
 GET /admin/settings 200 in 2843ms
 ○ Compiling /admin/vendors ...
 ✓ Compiled /admin/vendors in 1534ms (6143 modules)
 GET /admin/vendors 200 in 2756ms
 ○ Compiling /admin/finance-summary ...
 ✓ Compiled /admin/finance-summary in 1275ms (6162 modules)
 GET /admin/finance-summary 200 in 1720ms
[?25h
