
> cossim-next-frontend@0.1.0 dev
> next dev

   ▲ Next.js 15.5.21
   - Local:        http://localhost:3000
   - Network:      http://192.168.1.153:3000
   - Experiments (use with caution):
     · webVitalsAttribution

 ✓ Starting...
 ✓ Ready in 3.1s
 ○ Compiling / ...
 ✓ Compiled / in 11.2s (963 modules)
 GET / 200 in 1458ms
node.exe : <w> [webpack.cache.PackFileCacheStrategy] Skipped not serializable cache item 'Compilation/modules|C:\Users\
admin\Desktop\Cossim\cossim_web_training\node_modules\next\dist\build\webpack\loaders\css-loader\src\index.js??ruleSet[
1].rules[14].oneOf[11].use[2]!C:\Users\admin\Desktop\Cossim\cossim_web_training\node_modules\next\dist\build\webpack\lo
aders\postcss-loader\src\index.js??ruleSet[1].rules[14].oneOf[11].use[3]!C:\Users\admin\Desktop\Cossim\cossim_web_train
ing\node_modules\next\dist\build\webpack\loaders\resolve-url-loader\index.js??ruleSet[1].rules[14].oneOf[11].use[4]!C:\
Users\admin\Desktop\Cossim\cossim_web_training\node_modules\next\dist\compiled\sass-loader\cjs.js??ruleSet[1].rules[14]
.oneOf[11].use[5]!C:\Users\admin\Desktop\Cossim\cossim_web_training\src\style\scss\main.scss': No serializer 
registered for Warning
At line:1 char:1
+ & "C:\Program Files\nodejs/node.exe" "C:\Program Files\nodejs/node_mo ...
+ ~~~~~~~~~~~~~~~~~~~~~~~~~~~~~~~~~~~~~~~~~~~~~~~~~~~~~~~~~~~~~~~~~~~~~
    + CategoryInfo          : NotSpecified: (<w> [webpack.ca...red for Warning:String) [], RemoteException
    + FullyQualifiedErrorId : NativeCommandError
 
<w> while serializing webpack/lib/cache/PackFileCacheStrategy.PackContentItems -> webpack/lib/NormalModule -> Array { 
2 items } -> webpack/lib/ModuleWarning -> Warning
 ○ Compiling /admin/dashboard ...
 ✓ Compiled /admin/dashboard in 20.4s (6111 modules)
 GET /admin/dashboard 200 in 22175ms
 ○ Compiling /admin/finance-summary ...
 ✓ Compiled /admin/finance-summary in 1614ms (6103 modules)
 GET /admin/finance-summary 200 in 2179ms
 ○ Compiling /admin/settings ...
 ✓ Compiled /admin/settings in 949ms (6134 modules)
 GET /admin/settings 200 in 1540ms
 ○ Compiling /admin/settings/user-roles ...
 ✓ Compiled /admin/settings/user-roles in 1066ms (5379 modules)
 GET /admin/settings/user-roles 200 in 1875ms
 ○ Compiling /admin/profile ...
 ✓ Compiled /admin/profile in 1836ms (5433 modules)
 GET /admin/profile 200 in 2271ms
 ○ Compiling /admin/packages ...
 ✓ Compiled /admin/packages in 2.4s (6169 modules)
 GET /admin/packages 200 in 3845ms
 ○ Compiling /admin/users ...
 ✓ Compiled /admin/users in 1083ms (6171 modules)
 GET /admin/users 200 in 2113ms
 ○ Compiling /admin/reports/shipment-tracking ...
 ✓ Compiled /admin/reports/shipment-tracking in 3.5s (6226 modules)
 GET /admin/reports/shipment-tracking 200 in 4126ms
[?25h
